
> site-gca-automacao-industrial@0.0.0 build
> vite build

[36mvite v8.0.8 [32mbuilding client environment for production...[36m[39m
[2K
transforming...Ô£ô 2200 modules transformed.
node.exe : [31mÔ£ù[39m Build failed in 755ms
No linha:1 caractere:1
+ & "C:\Program Files\nodejs/node.exe" "C:\Program Files\nodejs/node_mo ...
+ ~~~~~~~~~~~~~~~~~~~~~~~~~~~~~~~~~~~~~~~~~~~~~~~~~~~~~~~~~~~~~~~~~~~~~
    + CategoryInfo          : NotSpecified: ([31mÔ£ù[39m Build failed in 755ms:String) [], RemoteException
    + FullyQualifiedErrorId : NativeCommandError
 
[31merror during build:
[31mBuild failed with 2 errors:

[31m[builtin:vite-transform] Error:[0m Unterminated regular expression
     [38;5;246mÔò¡[0m[38;5;246mÔöÇ[0m[38;5;246m[[0m src/pages/Home.jsx:250:10 [38;5;246m][0m
     [38;5;246mÔöé[0m
 [38;5;246m250 Ôöé[0m [38;5;249m [0m[38;5;249m [0m[38;5;249m [0m[38;5;249m [0m[38;5;249m [0m[38;5;249m 
[0m[38;5;249m [0m[38;5;249m [0m[38;5;249m<[0m/div>
 [38;5;240m    Ôöé[0m          ÔöÇÔöÇÔöÇÔö¼ÔöÇÔöÇ  
 [38;5;240m    Ôöé[0m             Ôò░ÔöÇÔöÇÔöÇÔöÇ 
[38;5;246mÔöÇÔöÇÔöÇÔöÇÔöÇÔò»[0m

[31m[builtin:vite-transform] Error:[0m Expected corresponding JSX closing tag for 'StaggerItem'.
     [38;5;246mÔò¡[0m[38;5;246mÔöÇ[0m[38;5;246m[[0m src/pages/Home.jsx:249:28 [38;5;246m][0m
     [38;5;246mÔöé[0m
 [38;5;246m234 Ôöé[0m [38;5;249m [0m[38;5;249m [0m[38;5;249m [0m[38;5;249m [0m[38;5;249m [0m[38;5;249m 
[0m[38;5;249m [0m[38;5;249m [0m[38;5;249m [0m[38;5;249m [0m[38;5;249m [0m[38;5;249m [0m[38;5;249m 
[0m[38;5;249m [0m[38;5;249m<[0mStaggerItem[38;5;249m [0m[38;5;249mc[0m[38;5;249ml[0m[38;5;249ma[0m[38;5;2
49ms[0m[38;5;249ms[0m[38;5;249mN[0m[38;5;249ma[0m[38;5;249mm[0m[38;5;249me[0m[38;5;249m=[0m[38;5;249m"[0
m[38;5;249mf[0m[38;5;249ml[0m[38;5;249me[0m[38;5;249mx[0m[38;5;249m [0m[38;5;249mi[0m[38;5;249mt[0m[38;5
;249me[0m[38;5;249mm[0m[38;5;249ms[0m[38;5;249m-[0m[38;5;249mc[0m[38;5;249me[0m[38;5;249mn[0m[38;5;249mt
[0m[38;5;249me[0m[38;5;249mr[0m[38;5;249m [0m[38;5;249mj[0m[38;5;249mu[0m[38;5;249ms[0m[38;5;249mt[0m[38
;5;249mi[0m[38;5;249mf[0m[38;5;249my[0m[38;5;249m-[0m[38;5;249mc[0m[38;5;249me[0m[38;5;249mn[0m[38;5;249m
t[0m[38;5;249me[0m[38;5;249mr[0m[38;5;249m [0m[38;5;249mp[0m[38;5;249m-[0m[38;5;249m8[0m[38;5;249m [0m[
38;5;249mb[0m[38;5;249mo[0m[38;5;249mr[0m[38;5;249md[0m[38;5;249me[0m[38;5;249mr[0m[38;5;249m-[0m[38;5;24
9m2[0m[38;5;249m [0m[38;5;249mb[0m[38;5;249mo[0m[38;5;249mr[0m[38;5;249md[0m[38;5;249me[0m[38;5;249mr[0m
[38;5;249m-[0m[38;5;249md[0m[38;5;249ma[0m[38;5;249ms[0m[38;5;249mh[0m[38;5;249me[0m[38;5;249md[0m[38;5;
249m [0m[38;5;249mb[0m[38;5;249mo[0m[38;5;249mr[0m[38;5;249md[0m[38;5;249me[0m[38;5;249mr[0m[38;5;249m-[
0m[38;5;249mg[0m[38;5;249mr[0m[38;5;249ma[0m[38;5;249my[0m[38;5;249m-[0m[38;5;249m2[0m[38;5;249m0[0m[38;
5;249m0[0m[38;5;249m [0m[38;5;249mr[0m[38;5;249mo[0m[38;5;249mu[0m[38;5;249mn[0m[38;5;249md[0m[38;5;249me
[0m[38;5;249md[0m[38;5;249m-[0m[38;5;249ml[0m[38;5;249mg[0m[38;5;249m [0m[38;5;249mh[0m[38;5;249mo[0m[3
8;5;249mv[0m[38;5;249me[0m[38;5;249mr[0m[38;5;249m:[0m[38;5;249mb[0m[38;5;249mo[0m[38;5;249mr[0m[38;5;249
md[0m[38;5;249me[0m[38;5;249mr[0m[38;5;249m-[0m[38;5;249mp[0m[38;5;249mr[0m[38;5;249mi[0m[38;5;249mm[0m
[38;5;249ma[0m[38;5;249mr[0m[38;5;249my[0m[38;5;249m/[0m[38;5;249m3[0m[38;5;249m0[0m[38;5;249m [0m[38;5;2
49mt[0m[38;5;249mr[0m[38;5;249ma[0m[38;5;249mn[0m[38;5;249ms[0m[38;5;249mi[0m[38;5;249mt[0m[38;5;249mi[0
m[38;5;249mo[0m[38;5;249mn[0m[38;5;249m-[0m[38;5;249ma[0m[38;5;249ml[0m[38;5;249ml[0m[38;5;249m 
[0m[38;5;249mg[0m[38;5;249mr[0m[38;5;249mo[0m[38;5;249mu[0m[38;5;249mp[0m[38;5;249m [0m[38;5;249mm[0m[3
8;5;249mi[0m[38;5;249mn[0m[38;5;249m-[0m[38;5;249mh[0m[38;5;249m-[0m[38;5;249m[[0m[38;5;249m3[0m[38;5;249
m0[0m[38;5;249m0[0m[38;5;249mp[0m[38;5;249mx[0m[38;5;249m][0m[38;5;249m"[0m[38;5;249m>[0m
 [38;5;240m    Ôöé[0m                ÔöÇÔöÇÔöÇÔöÇÔöÇÔö¼ÔöÇÔöÇÔöÇÔöÇÔöÇ  
 [38;5;240m    Ôöé[0m                     Ôò░ÔöÇÔöÇÔöÇÔöÇÔöÇÔöÇÔöÇ Opened here
 [38;5;240m    Ôöé[0m 
 [38;5;246m249 Ôöé[0m [38;5;249m [0m[38;5;249m [0m[38;5;249m [0m[38;5;249m [0m[38;5;249m [0m[38;5;249m 
[0m[38;5;249m [0m[38;5;249m [0m[38;5;249m [0m[38;5;249m [0m[38;5;249m [0m[38;5;249m [0m[38;5;249m 
[0m[38;5;249m [0m[38;5;249m [0m[38;5;249m [0m[38;5;249m [0m[38;5;249m [0m[38;5;249m [0m[38;5;249m 
[0m[38;5;249m [0m[38;5;249m [0m[38;5;249m [0m[38;5;249m [0m[38;5;249m 
[0m[38;5;249m<[0m[38;5;249m/[0mStaggerContainer[38;5;249m>[0m
 [38;5;240m    Ôöé[0m                            ÔöÇÔöÇÔöÇÔöÇÔöÇÔöÇÔöÇÔöÇÔö¼ÔöÇÔöÇÔöÇÔöÇÔöÇÔöÇÔöÇ  
 [38;5;240m    Ôöé[0m                                    Ôò░ÔöÇÔöÇÔöÇÔöÇÔöÇÔöÇÔöÇÔöÇÔöÇ Expected `</StaggerItem>`
[38;5;246mÔöÇÔöÇÔöÇÔöÇÔöÇÔò»[0m
[31m
    at aggregateBindingErrorsIntoJsError (file:///C:/Users/82565686153/Documents/Site%20GCA%20Automacao%20Industrial/no
de_modules/rolldown/dist/shared/error-w0u7biK-.mjs:48:18)
    at unwrapBindingResult (file:///C:/Users/82565686153/Documents/Site%20GCA%20Automacao%20Industrial/node_modules/rol
ldown/dist/shared/error-w0u7biK-.mjs:18:128)
    at #build (file:///C:/Users/82565686153/Documents/Site%20GCA%20Automacao%20Industrial/node_modules/rolldown/dist/sh
ared/rolldown-build-DtGk-m96.mjs:3313:34)
    at async buildEnvironment (file:///C:/Users/82565686153/Documents/Site%20GCA%20Automacao%20Industrial/node_modules/
vite/dist/node/chunks/node.js:32954:64)
    at async Object.build (file:///C:/Users/82565686153/Documents/Site%20GCA%20Automacao%20Industrial/node_modules/vite
/dist/node/chunks/node.js:33376:19)
    at async Object.buildApp (file:///C:/Users/82565686153/Documents/Site%20GCA%20Automacao%20Industrial/node_modules/v
ite/dist/node/chunks/node.js:33373:153)
    at async CAC.<anonymous> 
(file:///C:/Users/82565686153/Documents/Site%20GCA%20Automacao%20Industrial/node_modules/vite/dist/node/cli.js:778:3) {
  errors: [Getter/Setter]
}[39m
